{"timestamp":"2025-12-06T10:42:41.032Z","type":"client_event","userId":1,"tokenMasked":"cHJndmgG...kJ08","status":"success","meta":{"event":"token_received"}}
{"timestamp":"2025-12-06T10:42:41.058Z","type":"token_update","userId":1,"tokenMasked":"cHJndmgG...kJ08","status":"success"}
{"timestamp":"2025-12-06T10:42:41.066Z","type":"client_event","userId":1,"tokenMasked":"cHJndmgG...kJ08","status":"success","meta":{"event":"token_synced"}}
{"timestamp":"2025-12-06T10:43:54.712Z","type":"send","userId":1,"tokenMasked":"cHJndmgG...kJ08","status":"success","messageId":"projects/test1-e175e/messages/5628588e-0a5c-48e6-b4ce-052518d7067a","meta":{"title":"Test notification"}}
{"timestamp":"2025-12-06T10:46:38.826Z","type":"client_event","userId":1,"tokenMasked":"cHJndmgG...kJ08","status":"success","meta":{"event":"token_received"}}
{"timestamp":"2025-12-06T10:46:38.883Z","type":"token_update","userId":1,"tokenMasked":"cHJndmgG...kJ08","status":"success"}
{"timestamp":"2025-12-06T10:46:38.912Z","type":"client_event","userId":1,"tokenMasked":"cHJndmgG...kJ08","status":"success","meta":{"event":"token_synced"}}
{"timestamp":"2025-12-06T10:47:04.454Z","type":"send","userId":1,"tokenMasked":"cHJndmgG...kJ08","status":"success","messageId":"projects/test1-e175e/messages/2db34208-1387-4f28-998d-1e3da67e7be9","meta":{"title":"Test notification"}}
{"timestamp":"2025-12-06T10:47:04.468Z","type":"client_event","userId":1,"status":"success","meta":{"event":"foreground_notification_received","payload":{"from":"281161870090","messageId":"2db34208-1387-4f28-998d-1e3da67e7be9","notification":{"title":"Test notification","body":"Hello from curl"},"data":{"foo":"bar"}}}}
{"timestamp":"2025-12-06T10:50:02.856Z","type":"client_event","userId":1,"tokenMasked":"cHJndmgG...kJ08","status":"success","meta":{"event":"token_received"}}
{"timestamp":"2025-12-06T10:50:02.906Z","type":"token_update","userId":1,"tokenMasked":"cHJndmgG...kJ08","status":"success"}
{"timestamp":"2025-12-06T10:50:02.912Z","type":"client_event","userId":1,"tokenMasked":"cHJndmgG...kJ08","status":"success","meta":{"event":"token_synced"}}
{"timestamp":"2025-12-06T10:50:08.176Z","type":"send","userId":1,"tokenMasked":"cHJndmgG...kJ08","status":"success","messageId":"projects/test1-e175e/messages/5c8a62e7-9653-4b62-b686-82bc10b63ceb","meta":{"title":"Test notification"}}
{"timestamp":"2025-12-06T10:50:08.169Z","type":"client_event","userId":1,"status":"success","meta":{"event":"foreground_notification_received","payload":{"from":"281161870090","messageId":"5c8a62e7-9653-4b62-b686-82bc10b63ceb","notification":{"title":"Test notification","body":"Hello from curl"},"data":{"foo":"bar"}}}}
{"timestamp":"2025-12-06T10:59:02.395Z","type":"client_event","userId":1,"tokenMasked":"cHJndmgG...kJ08","status":"success","meta":{"event":"token_received"}}
{"timestamp":"2025-12-06T10:59:02.426Z","type":"token_update","userId":1,"tokenMasked":"cHJndmgG...kJ08","status":"success"}
{"timestamp":"2025-12-06T10:59:02.451Z","type":"client_event","userId":1,"tokenMasked":"cHJndmgG...kJ08","status":"success","meta":{"event":"token_synced"}}
{"timestamp":"2025-12-06T10:59:19.292Z","type":"send","userId":1,"tokenMasked":"cHJndmgG...kJ08","status":"success","messageId":"projects/test1-e175e/messages/4683c4fb-db96-4ae1-935a-cd5292ff6144","meta":{"title":"Test notification"}}
{"timestamp":"2025-12-06T10:59:19.302Z","type":"client_event","userId":1,"status":"success","meta":{"event":"foreground_notification_received","payload":{"from":"281161870090","messageId":"4683c4fb-db96-4ae1-935a-cd5292ff6144","notification":{"title":"Test notification","body":"Hello from curl"},"data":{"foo":"bar"}}}}
{"timestamp":"2025-12-06T11:00:37.952Z","type":"send","userId":1,"tokenMasked":"cHJndmgG...kJ08","status":"success","messageId":"projects/test1-e175e/messages/ad3587d1-6d6e-4cdb-8d4d-a113fdf3941d","meta":{"title":"Test notification"}}
{"timestamp":"2025-12-06T11:00:37.973Z","type":"client_event","userId":1,"status":"success","meta":{"event":"foreground_notification_received","payload":{"from":"281161870090","messageId":"ad3587d1-6d6e-4cdb-8d4d-a113fdf3941d","notification":{"title":"Test notification","body":"Hello from curl"},"data":{"foo":"bar"}}}}
{"timestamp":"2025-12-06T11:00:47.095Z","type":"client_event","userId":1,"tokenMasked":"cHJndmgG...kJ08","status":"success","meta":{"event":"token_received"}}
{"timestamp":"2025-12-06T11:00:47.101Z","type":"token_update","userId":1,"tokenMasked":"cHJndmgG...kJ08","status":"success"}
{"timestamp":"2025-12-06T11:00:47.139Z","type":"client_event","userId":1,"tokenMasked":"cHJndmgG...kJ08","status":"success","meta":{"event":"token_synced"}}
{"timestamp":"2025-12-06T11:00:49.256Z","type":"send","userId":1,"tokenMasked":"cHJndmgG...kJ08","status":"success","messageId":"projects/test1-e175e/messages/9a005692-1379-4cf8-8c0d-e7b1107734fa","meta":{"title":"Test notification"}}
{"timestamp":"2025-12-06T11:00:49.260Z","type":"client_event","userId":1,"status":"success","meta":{"event":"foreground_notification_received","payload":{"from":"281161870090","messageId":"9a005692-1379-4cf8-8c0d-e7b1107734fa","notification":{"title":"Test notification","body":"Hello from curl"},"data":{"foo":"bar"}}}}
{"timestamp":"2025-12-06T11:00:52.521Z","type":"send","userId":1,"tokenMasked":"cHJndmgG...kJ08","status":"success","messageId":"projects/test1-e175e/messages/15096780-7b4c-4e9a-af83-3843a8eaf8a5","meta":{"title":"Test notification"}}
{"timestamp":"2025-12-06T11:00:52.524Z","type":"client_event","userId":1,"status":"success","meta":{"event":"foreground_notification_received","payload":{"from":"281161870090","messageId":"15096780-7b4c-4e9a-af83-3843a8eaf8a5","notification":{"title":"Test notification","body":"Hello from curl"},"data":{"foo":"bar"}}}}
{"timestamp":"2025-12-06T11:01:06.226Z","type":"send","userId":1,"tokenMasked":"cHJndmgG...kJ08","status":"success","messageId":"projects/test1-e175e/messages/e706c48c-69f0-40c3-b4ec-c1cb3ff9378a","meta":{"title":"Test notification"}}
{"timestamp":"2025-12-06T11:01:06.237Z","type":"client_event","userId":1,"status":"success","meta":{"event":"foreground_notification_received","payload":{"from":"281161870090","messageId":"e706c48c-69f0-40c3-b4ec-c1cb3ff9378a","notification":{"title":"Test notification","body":"Hello from curl 2"},"data":{"foo":"bar"}}}}
{"timestamp":"2025-12-06T11:01:48.600Z","type":"client_event","userId":1,"tokenMasked":"c6R7Wt2w...df40","status":"success","meta":{"event":"token_received"}}
{"timestamp":"2025-12-06T11:01:48.632Z","type":"token_update","userId":1,"tokenMasked":"c6R7Wt2w...df40","status":"success"}
{"timestamp":"2025-12-06T11:01:48.638Z","type":"client_event","userId":1,"tokenMasked":"c6R7Wt2w...df40","status":"success","meta":{"event":"token_synced"}}
{"timestamp":"2025-12-06T11:01:55.323Z","type":"send","userId":1,"tokenMasked":"c6R7Wt2w...df40","status":"success","messageId":"projects/test1-e175e/messages/f6a1cb42-8ba7-454d-8381-6d2c916df0f4","meta":{"title":"Test notification"}}
{"timestamp":"2025-12-06T11:01:55.339Z","type":"client_event","userId":1,"status":"success","meta":{"event":"foreground_notification_received","payload":{"from":"281161870090","messageId":"f6a1cb42-8ba7-454d-8381-6d2c916df0f4","notification":{"title":"Test notification","body":"Hello from curl 2"},"data":{"foo":"bar"}}}}
{"timestamp":"2025-12-06T11:02:04.927Z","type":"send","userId":1,"tokenMasked":"c6R7Wt2w...df40","status":"success","messageId":"projects/test1-e175e/messages/1b86ee5d-6a5a-458e-b494-6f21bf37af40","meta":{"title":"Test notification"}}
{"timestamp":"2025-12-06T11:02:04.933Z","type":"client_event","userId":1,"status":"success","meta":{"event":"foreground_notification_received","payload":{"from":"281161870090","messageId":"1b86ee5d-6a5a-458e-b494-6f21bf37af40","notification":{"title":"Test notification","body":"Hello from curl 2"},"data":{"foo":"bar"}}}}
{"timestamp":"2025-12-06T11:02:13.504Z","type":"send","userId":1,"tokenMasked":"c6R7Wt2w...df40","status":"success","messageId":"projects/test1-e175e/messages/8b0954e0-2563-40a3-a7b5-245712e3b699","meta":{"title":"Test notification"}}
{"timestamp":"2025-12-06T11:02:13.561Z","type":"client_event","userId":1,"status":"success","meta":{"event":"foreground_notification_received","payload":{"from":"281161870090","messageId":"8b0954e0-2563-40a3-a7b5-245712e3b699","notification":{"title":"Test notification","body":"Hello from curl 22"},"data":{"foo":"bar"}}}}
{"timestamp":"2025-12-06T11:03:16.893Z","type":"send","userId":1,"tokenMasked":"c6R7Wt2w...df40","status":"success","messageId":"projects/test1-e175e/messages/2772d77b-e97c-4def-989f-56d089f31286","meta":{"title":"Test notification"}}
{"timestamp":"2025-12-06T11:03:16.898Z","type":"client_event","userId":1,"status":"success","meta":{"event":"foreground_notification_received","payload":{"from":"281161870090","messageId":"2772d77b-e97c-4def-989f-56d089f31286","notification":{"title":"Test notification","body":"Hello from curl 22"},"data":{"foo":"bar"}}}}
{"timestamp":"2025-12-06T11:03:22.297Z","type":"send","userId":1,"tokenMasked":"c6R7Wt2w...df40","status":"success","messageId":"projects/test1-e175e/messages/2b07fffe-f682-45fc-8958-120789065ad2","meta":{"title":"Test notification"}}
{"timestamp":"2025-12-06T11:03:22.300Z","type":"client_event","userId":1,"status":"success","meta":{"event":"foreground_notification_received","payload":{"from":"281161870090","messageId":"2b07fffe-f682-45fc-8958-120789065ad2","notification":{"title":"Test notification","body":"Hello from curl 22"},"data":{"foo":"bar"}}}}
{"timestamp":"2025-12-06T11:09:57.859Z","type":"send","userId":1,"tokenMasked":"c6R7Wt2w...df40","status":"success","messageId":"projects/test1-e175e/messages/6bdad1a4-c295-4256-ada0-cfb0b2660b7f","meta":{"title":"Test notification"}}
{"timestamp":"2025-12-06T11:09:57.888Z","type":"client_event","userId":1,"status":"success","meta":{"event":"foreground_notification_received","payload":{"from":"281161870090","messageId":"6bdad1a4-c295-4256-ada0-cfb0b2660b7f","notification":{"title":"Test notification","body":"Hello from curl 22"},"data":{"foo":"bar"}}}}
{"timestamp":"2025-12-06T11:26:11.333Z","type":"client_event","userId":1,"status":"success","meta":{"event":"foreground_notification_received","payload":{"from":"281161870090","messageId":"0804f63b-be0b-4b8d-85a7-478a4e897a4b","notification":{"title":"Test notification","body":"Hello from curl 22"},"data":{"foo":"bar"}}}}
{"timestamp":"2025-12-06T11:26:11.342Z","type":"send","userId":1,"tokenMasked":"c6R7Wt2w...df40","status":"success","messageId":"projects/test1-e175e/messages/0804f63b-be0b-4b8d-85a7-478a4e897a4b","meta":{"title":"Test notification"}}
{"timestamp":"2025-12-06T12:07:57.105Z","type":"client_event","tokenMasked":"e0LreloS...dqtk","status":"success","meta":{"event":"token_received"}}
{"timestamp":"2025-12-06T12:07:57.110Z","type":"client_event","tokenMasked":"e0LreloS...dqtk","status":"success","meta":{"event":"token_received"}}
{"timestamp":"2025-12-06T12:08:41.202Z","type":"send","userId":1,"status":"success","meta":{"title":"????? ???????????"}}
{"timestamp":"2025-12-06T12:11:18.848Z","type":"send","userId":1,"status":"success","meta":{"title":"????? ???????????"}}
{"timestamp":"2025-12-06T12:14:10.226Z","type":"send","userId":1,"status":"success","meta":{"title":"Новое уведомление"}}
{"timestamp":"2025-12-06T12:14:56.057Z","type":"client_event","tokenMasked":"e0LreloS...dqtk","status":"success","meta":{"event":"token_received"}}
{"timestamp":"2025-12-06T12:14:56.059Z","type":"client_event","tokenMasked":"e0LreloS...dqtk","status":"success","meta":{"event":"token_received"}}
{"timestamp":"2025-12-06T12:15:07.267Z","type":"send","userId":1,"status":"success","meta":{"title":"Новое уведомление"}}
{"timestamp":"2025-12-06T12:17:26.836Z","type":"client_event","userId":1,"tokenMasked":"e0LreloS...dqtk","status":"success","meta":{"event":"token_received"}}
{"timestamp":"2025-12-06T12:17:26.837Z","type":"client_event","userId":1,"tokenMasked":"e0LreloS...dqtk","status":"success","meta":{"event":"token_received"}}
{"timestamp":"2025-12-06T12:17:26.945Z","type":"token_update","userId":1,"tokenMasked":"e0LreloS...dqtk","status":"success"}
{"timestamp":"2025-12-06T12:17:27.070Z","type":"client_event","userId":1,"tokenMasked":"e0LreloS...dqtk","status":"success","meta":{"event":"token_synced"}}
{"timestamp":"2025-12-06T12:17:37.746Z","type":"client_event","userId":1,"tokenMasked":"e0LreloS...dqtk","status":"success","meta":{"event":"token_received"}}
{"timestamp":"2025-12-06T12:17:37.747Z","type":"client_event","userId":1,"tokenMasked":"e0LreloS...dqtk","status":"success","meta":{"event":"token_received"}}
{"timestamp":"2025-12-06T12:17:37.791Z","type":"token_update","userId":1,"tokenMasked":"e0LreloS...dqtk","status":"success"}
{"timestamp":"2025-12-06T12:17:37.799Z","type":"client_event","userId":1,"tokenMasked":"e0LreloS...dqtk","status":"success","meta":{"event":"token_synced"}}
{"timestamp":"2025-12-06T12:20:25.837Z","type":"send","userId":1,"tokenMasked":"e0LreloS...dqtk","status":"success","messageId":"projects/test1-e175e/messages/3061b198-e52b-4564-98a6-4c1f3ef88781","meta":{"title":"Test notification"}}
{"timestamp":"2025-12-06T12:26:49.742Z","type":"client_event","userId":1,"tokenMasked":"e0LreloS...dqtk","status":"success","meta":{"event":"token_received"}}
{"timestamp":"2025-12-06T12:26:49.743Z","type":"client_event","userId":1,"tokenMasked":"e0LreloS...dqtk","status":"success","meta":{"event":"token_received"}}
{"timestamp":"2025-12-06T12:26:49.818Z","type":"token_update","userId":1,"tokenMasked":"e0LreloS...dqtk","status":"success"}
{"timestamp":"2025-12-06T12:26:49.876Z","type":"client_event","userId":1,"tokenMasked":"e0LreloS...dqtk","status":"success","meta":{"event":"token_synced"}}
{"timestamp":"2025-12-06T12:27:59.481Z","type":"client_event","userId":1,"tokenMasked":"e0LreloS...dqtk","status":"success","meta":{"event":"token_received"}}
{"timestamp":"2025-12-06T12:27:59.483Z","type":"client_event","userId":1,"tokenMasked":"e0LreloS...dqtk","status":"success","meta":{"event":"token_received"}}
{"timestamp":"2025-12-06T12:27:59.545Z","type":"token_update","userId":1,"tokenMasked":"e0LreloS...dqtk","status":"success"}
{"timestamp":"2025-12-06T12:27:59.554Z","type":"client_event","userId":1,"tokenMasked":"e0LreloS...dqtk","status":"success","meta":{"event":"token_synced"}}
{"timestamp":"2025-12-07T09:14:38.649Z","type":"token_update","userId":1,"tokenMasked":"e0LreloS...xFVQ","status":"success"}
{"timestamp":"2025-12-07T09:14:55.932Z","type":"send","userId":1,"tokenMasked":"e0LreloS...xFVQ","status":"success","meta":{"title":"Новое уведомление"}}
{"timestamp":"2025-12-07T09:15:23.008Z","type":"send","userId":1,"tokenMasked":"e0LreloS...xFVQ","status":"success","meta":{"title":"Новое уведомление"}}
